-811359776 is NOT in AVL.
-811359776 is NOT in AVL.
-811359776 is NOT in AVL.
