1933537760 is NOT in AVL.
1933537760 is NOT in AVL.
1933537760 is NOT in AVL.
1933537760 is NOT in AVL.
1933537760 is NOT in AVL.
